kusanose@kusanosshinoAir git_challenge % # カレントディレクトリにローカルリポジトリを新規作成する 
git init

zsh: command not found: #
hint: Using 'master' as the name for the initial branch. This default branch name
hint: is subject to change. To configure the initial branch name to use in all
hint: of your new repositories, which will suppress this warning, call:
hint: 
hint:   git config --global init.defaultBranch <name>
hint: 
hint: Names commonly chosen instead of 'master' are 'main', 'trunk' and
hint: 'development'. The just-created branch can be renamed via this command:
hint: 
hint:   git branch -m <name>
Initialized empty Git repository in /Users/kusanose/Desktop/git_challenge/.git/
kusanose@kusanosshinoAir git_challenge % git add hello_world.txt
kusanose@kusanosshinoAir git_challenge % git commit -m "hello_world.txtを追加"         
[master (root-commit) f53c4a7] hello_world.txtを追加
 1 file changed, 1 insertion(+)
 create mode 100644 hello_world.txt
kusanose@kusanosshinoAir git_challenge % git log --oneline
f53c4a7 (HEAD -> master) hello_world.txtを追加
kusanose@kusanosshinoAir git_challenge % git add hello_world.txt
kusanose@kusanosshinoAir git_challenge % git commit -m "日本語訳を追記"       
[master e6da7d4] 日本語訳を追記
 1 file changed, 1 insertion(+)
kusanose@kusanosshinoAir git_challenge % git status

On branch master
Untracked files:
  (use "git add <file>..." to include in what will be committed)
        .DS_Store

nothing added to commit but untracked files present (use "git add" to track)
kusanose@kusanosshinoAir git_challenge % git log --oneline
e6da7d4 (HEAD -> master) 日本語訳を追記
f53c4a7 hello_world.txtを追加
kusanose@kusanosshinoAir git_challenge % git branch
* master
kusanose@kusanosshinoAir git_challenge % git checkout main
error: pathspec 'main' did not match any file(s) known to git
kusanose@kusanosshinoAir git_challenge % git branch -m main              

kusanose@kusanosshinoAir git_challenge % git branch
* main
kusanose@kusanosshinoAir git_challenge % git remote add origin https://github.com/kusapon913/git-basic-kadai.git
git branch -M main
git push -u origin main
Enumerating objects: 6, done.
Counting objects: 100% (6/6), done.
Delta compression using up to 8 threads
Compressing objects: 100% (2/2), done.
Writing objects: 100% (6/6), 542 bytes | 542.00 KiB/s, done.
Total 6 (delta 0), reused 0 (delta 0), pack-reused 0
To https://github.com/kusapon913/git-basic-kadai.git
 * [new branch]      main -> main
branch 'main' set up to track 'origin/main'.